// Jest Snapshot v1, https://goo.gl/fbAQLP

exports[`Landing component renders Landing 1`] = `
<div
  className="Landing"
>
  <h1>
    Welcome to Markdownly
  </h1>
  <img
    src="https://memegenerator.net/img/instances/54480478.jpg"
  />
  <h2>
    <Link
      to="/markdown"
    >
      Use Markdown
    </Link>
    <br />
    <br />
    <Link
      to="/about"
    >
      About
    </Link>
  </h2>
</div>
`;
