// Jest Snapshot v1, https://goo.gl/fbAQLP

exports[`Editor component renders Editor 1`] = `
<ContextProvider
  value={
    Object {
      "dispatch": [Function],
      "state": Object {
        "markdown": "Im a test sentence",
      },
    }
  }
>
  <Editor />
</ContextProvider>
`;
