// Jest Snapshot v1, https://goo.gl/fbAQLP

exports[`View component renders View 1`] = `
<ContextProvider
  value={
    Object {
      "dispatch": [Function],
      "state": Object {
        "currentMarkdownID": 1234,
        "markdownList": Array [
          Object {
            "body": "Look at that markdown file.",
            "id": 1234,
            "title": "whatever",
          },
          Object {
            "body": "Look at that markdown file.",
            "id": 5678,
            "title": "new tab",
          },
        ],
      },
    }
  }
>
  <View />
</ContextProvider>
`;
